Archive member included because of file (symbol)

/opt/gcc/arm-eabi-4.8/bin/../lib/gcc/arm-eabi/4.8/libgcc.a(_udivsi3.o)
                              chip/built-in.o (__aeabi_uidiv)
/opt/gcc/arm-eabi-4.8/bin/../lib/gcc/arm-eabi/4.8/libgcc.a(_divsi3.o)
                              common/built-in.o (__aeabi_idiv)
/opt/gcc/arm-eabi-4.8/bin/../lib/gcc/arm-eabi/4.8/libgcc.a(_dvmd_tls.o)
                              /opt/gcc/arm-eabi-4.8/bin/../lib/gcc/arm-eabi/4.8/libgcc.a(_udivsi3.o) (__aeabi_idiv0)
/opt/gcc/arm-eabi-4.8/bin/../lib/gcc/arm-eabi/4.8/libgcc.a(_lshrdi3.o)
                              common/built-in.o (__aeabi_llsr)

Allocating common symbols
Common symbol       size              file

upgrade_send_buffer
                    0x80              common/built-in.o
ram_save_addr       0x4               common/built-in.o
g_cmd_list          0x140             boot/built-in.o
upgrade_recv_data_len
                    0x2               common/built-in.o
mbr_entry           0x1000            cmd/built-in.o
ram_save_len        0x4               common/built-in.o
uart_call_back      0x20              drivers/built-in.o
dma_qspiflash_buf   0x140             cmd/built-in.o
lli_48k_test        0x6000            cmd/built-in.o
bbfw_bak            0x18              chip/built-in.o
malloc_buf          0x400             common/built-in.o
bbfw_main           0x18              chip/built-in.o
uart_rx_m           0x820             drivers/built-in.o
upgrade_recv_serial_buffer
                    0x800a            common/built-in.o
dma_time_record     0x300             drivers/built-in.o
upgrade_recv_data_type
                    0x2               common/built-in.o
reserved_save       0x4               chip/built-in.o

Memory Configuration

Name             Origin             Length             Attributes
sram             0x0000000000290000 0x0000000000055000 xrw
*default*        0x0000000000000000 0xffffffffffffffff

Linker script and memory map

START GROUP
LOAD cpu/head-in.o
LOAD chip/built-in.o
LOAD common/built-in.o
LOAD boot/built-in.o
LOAD boards/built-in.o
LOAD drivers/built-in.o
LOAD fs/built-in.o
LOAD cmd/built-in.o
LOAD net/built-in.o
LOAD /opt/gcc/arm-eabi-4.8/bin/../lib/gcc/arm-eabi/4.8/libgcc.a
END GROUP

.text           0x0000000000290000    0x17d48
 *head-in.o(.text)
 .text          0x0000000000290000      0x6b8 cpu/head-in.o
                0x0000000000290000                _start
                0x0000000000290040                _TEXT_BASE
                0x0000000000290220                arch_timer_get_cntfrq
                0x0000000000290228                arch_counter_get_cntpct
                0x0000000000290230                arch_counter_get_cntvct
                0x0000000000290238                arch_timer_starting_cpu
                0x00000000002902c8                arch_counter_get_current
                0x000000000029031c                cpu_abort_info
                0x000000000029036c                do_exception
                0x00000000002903c4                enable_interrupts
                0x00000000002903d4                disable_interrupts
                0x00000000002903ec                arch_interrupt_init
                0x0000000000290400                interrupt_init
                0x0000000000290434                do_fiq
                0x0000000000290438                do_irq
                0x000000000029043c                v7_dma_inv_range
                0x0000000000290484                v7_dma_clean_range
                0x00000000002904b8                v7_dma_flush_range
                0x00000000002904ec                v7_inv_l1_l2_dcache
                0x0000000000290574                set_section_dcache
                0x0000000000290590                modify_section_dcache
                0x00000000002905ac                dram_bank_mmu_setup
                0x00000000002905d0                iram_mmu_setup
                0x00000000002905f0                bb_iram_mmu_setup
                0x0000000000290614                is_mmu_enable
                0x0000000000290624                mmu_setup
                0x00000000002906b8                __cmd_descriptor_handle_begin = .
 *(func.get_case_descriptor)
 func.get_case_descriptor
                0x00000000002906b8       0x1c cmd/built-in.o
                0x00000000002906d4                __cmd_descriptor_handle_end = .
                0x00000000002906d4                . = ALIGN (0x4)
 *(.spiflash_input_data)
 *(SORT(.rodata*))
 .rodata        0x00000000002906d4       0x20 cpu/head-in.o
 .rodata        0x00000000002906f4       0x64 chip/built-in.o
 .rodata        0x0000000000290758      0x1d4 common/built-in.o
                0x0000000000290758                _ctype
 .rodata        0x000000000029092c       0xea drivers/built-in.o
 *fill*         0x0000000000290a16        0x2 
 .rodata        0x0000000000290a18       0x20 cmd/built-in.o
 .rodata.str1.1
                0x0000000000290a38       0x91 cpu/head-in.o
                                         0x97 (size before relaxing)
 .rodata.str1.1
                0x0000000000290ac9      0x467 chip/built-in.o
                                        0x482 (size before relaxing)
 .rodata.str1.1
                0x0000000000290f30      0x60b common/built-in.o
                                        0x621 (size before relaxing)
 .rodata.str1.1
                0x000000000029153b      0x1f4 boot/built-in.o
                                        0x1fa (size before relaxing)
 .rodata.str1.1
                0x000000000029172f      0xafb drivers/built-in.o
                                        0xc0f (size before relaxing)
 .rodata.str1.1
                0x000000000029222a     0x2323 cmd/built-in.o
                                       0x2465 (size before relaxing)
                0x0000000000294550                . = ALIGN (0x4)
 *fill*         0x000000000029454d        0x3 
 *(.text*)
 .text          0x0000000000294550     0x1400 chip/built-in.o
                0x0000000000294550                pll_init
                0x000000000029457c                pll_print
                0x0000000000294580                pll_test
                0x00000000002945c0                pin_mux_set
                0x00000000002945c4                prcm_init
                0x00000000002945c8                chip_early_init_f
                0x0000000000294600                early_system_init
                0x0000000000294660                pow
                0x0000000000294690                get_M_N_NO
                0x000000000029482c                pll0_set_rate_kHz
                0x0000000000294924                pll0_get_rate_kHz
                0x0000000000294960                pll1_set_rate_kHz
                0x0000000000294a74                pll1_get_rate_kHz
                0x0000000000294ab4                pll2_set_rate_kHz
                0x0000000000294b90                pll2_get_rate_kHz
                0x0000000000294bcc                pll3_set_rate_kHz
                0x0000000000294cb8                pll3_get_rate_kHz
                0x0000000000294d14                do_go_exec
                0x0000000000294d28                check_bl2fw_hdr
                0x0000000000294db0                boot_ecos_or_linux
                0x0000000000294e10                print_bl2fw_info
                0x0000000000294e34                print_stat_time
                0x0000000000294e38                print_misc_info
                0x0000000000294e3c                print_boot_par
                0x0000000000294eec                copy_rom_run_paramter_to_dst
                0x0000000000294f04                bl2fw_data_save_err_info
                0x0000000000294f78                bl2fw_data_save
                0x0000000000295010                check_bl2fw_sign
                0x0000000000295118                before_boot_ecos_or_linux
                0x000000000029523c                boot_bb_fw
                0x00000000002952ec                boot_parse_init
                0x0000000000295320                get_flash_mbr_dbuf
                0x000000000029532c                get_flash_mbr
                0x0000000000295420                is_mbr_cfg_valid
                0x0000000000295434                print_mbr_info
                0x000000000029551c                is_bl2fw_data_valid
                0x00000000002955b4                is_bl2fw_hdr_valid
                0x0000000000295708                get_bl2fw_hdr_aes_enkey
                0x000000000029573c                get_bl2fw_hdr_version
                0x0000000000295750                is_bl2fw_hdr_apkey_enabled
                0x000000000029576c                is_bl2fw_hdr_linux_flags
                0x0000000000295788                get_bl2fw_hdr_fls_addr
                0x000000000029579c                get_bl2fw_hdr_fls_size
                0x00000000002957b0                get_bl2fw_hdr_load_addr
                0x00000000002957c4                get_bl2fw_hdr_exec_addr
                0x00000000002957d8                get_bl2fw_hdr_flags
                0x00000000002957f0                get_bl2fw_hdr_dbuf
                0x0000000000295804                print_bl2fw_hdr_info
 .text          0x0000000000295950     0x5d10 common/built-in.o
                0x0000000000295950                getc
                0x0000000000295954                tstc
                0x0000000000295958                putc
                0x000000000029595c                puts
                0x0000000000295960                printf
                0x00000000002959ac                vprintf
                0x00000000002959e0                __div64_32
                0x0000000000296004                sbrk
                0x0000000000296068                mem_malloc_init
                0x000000000029608c                malloc_trim
                0x0000000000296164                free
                0x0000000000296398                malloc
                0x0000000000296990                calloc
                0x0000000000296a6c                realloc
                0x0000000000296f44                memalign
                0x0000000000297098                valloc
                0x00000000002970a4                pvalloc
                0x00000000002970bc                cfree
                0x00000000002970c0                malloc_usable_size
                0x0000000000297120                malloc_stats
                0x0000000000297174                mallinfo
                0x00000000002971ac                mallopt
                0x0000000000297218                initf_malloc
                0x0000000000297220                do_mem_stats
                0x0000000000297230                print_buffer
                0x0000000000297384                cmd_get_data_size
                0x00000000002973e0                do_mem_md
                0x0000000000297498                do_mem_mw
                0x0000000000297540                register_common_cmd
                0x0000000000297778                GetCmdExAlt
                0x0000000000297e78                hide_cursor
                0x0000000000297e84                show_cursor
                0x0000000000297e90                get_args
                0x0000000000297f2c                dyn_shell_malloc
                0x0000000000297fac                dyn_shell_append_command
                0x0000000000298028                dyn_shell_add_command
                0x0000000000298064                dyn_shell_init
                0x000000000029809c                dyn_shell_append_sub_shell
                0x0000000000298108                dyn_shell_add_sub_shell
                0x000000000029812c                dyn_shell_load
                0x00000000002984bc                set_random
                0x00000000002984d4                hg_pseudo_random_sequence
                0x0000000000298500                printf_buf_fmt_32bit
                0x0000000000298560                printf_buf
                0x00000000002985b8                strncasecmp
                0x0000000000298638                strcasecmp
                0x0000000000298640                strcpy
                0x000000000029865c                strncpy
                0x0000000000298680                strcat
                0x00000000002986b0                strncat
                0x0000000000298704                strcmp
                0x0000000000298730                strncmp
                0x0000000000298770                strchr
                0x000000000029879c                strlen
                0x00000000002987bc                strrchr
                0x00000000002987f8                strnlen
                0x0000000000298828                strdup
                0x0000000000298864                strspn
                0x00000000002988a0                strpbrk
                0x00000000002988dc                strtok
                0x0000000000298964                strsep
                0x000000000029899c                strswab
                0x00000000002989e4                memset
                0x0000000000298a44                bcopy
                0x0000000000298a64                memcpy
                0x0000000000298ac4                strlcpy
                0x0000000000298b14                memmove
                0x0000000000298b68                memcmp
                0x0000000000298b9c                memscan
                0x0000000000298bc8                strstr
                0x0000000000298c30                memchr
                0x0000000000298c60                memchr_inv
                0x0000000000298d9c                upgrade_get_serial_buffer
                0x0000000000298e58                upgrade_get_send_buff
                0x0000000000298e64                upgrade_package_data
                0x0000000000298f24                upgrade_send_ack
                0x0000000000298f60                upgrade_send_version
                0x0000000000298fa8                upgrade_get_cmd
                0x0000000000298ff0                process_start
                0x0000000000299018                process_data
                0x00000000002990e4                upgrade_get_start_data
                0x0000000000299150                upgrade_get_exec_data
                0x0000000000299180                upgrade_start_data_valid
                0x00000000002991c0                process_connected
                0x0000000000299218                upgrade_global_para_reset
                0x000000000029925c                upgrade_send_nack
                0x00000000002992d0                upgrade_flash
                0x0000000000299380                process_idle
                0x00000000002993b8                upgrade_exec_data_valid
                0x00000000002993e8                process_exec_data
                0x000000000029944c                upv_upgrade
                0x0000000000299494                upgrade_data_check
                0x00000000002995a8                upgrade_stat_m_init
                0x0000000000299660                upgrade_processing
                0x0000000000299798                upgrade_start
                0x0000000000299834                crc32_no_comp
                0x0000000000299870                crc32
                0x0000000000299884                crc16
                0x000000000029a190                simple_strtoul
                0x000000000029a248                strict_strtoul
                0x000000000029a2c4                simple_strtol
                0x000000000029a2ec                ustrtoul
                0x000000000029a35c                simple_strtoull
                0x000000000029a438                ustrtoull
                0x000000000029a4c0                trailing_strtoln
                0x000000000029a520                trailing_strtol
                0x000000000029a528                vsprintf
                0x000000000029a52c                sprintf
                0x000000000029a554                panic_str
                0x000000000029a574                panic
                0x000000000029a5a4                __assert_fail
                0x000000000029a5b8                simple_itoa
                0x000000000029a60c                print_grouped_ull
                0x000000000029a694                str2off
                0x000000000029a6d8                str2long
                0x000000000029a71c                CYGACC_COMM_IF_GETC_TIMEOUT
                0x000000000029a780                CYGACC_COMM_IF_TRY_GETC
                0x000000000029a7e0                CYGACC_COMM_IF_PUTC
                0x000000000029a7fc                parse_num
                0x000000000029a940                cyg_crc16
                0x000000000029abf8                getcxmodem
                0x000000000029ac18                xyzModem_init
                0x000000000029ac54                xyzModem_stream_open
                0x000000000029adc8                xyzModem_stream_read
                0x000000000029b030                xyzModem_stream_close
                0x000000000029b034                xyzModem_stream_terminate
                0x000000000029b11c                load_xmodem
                0x000000000029b1bc                gic_init
                0x000000000029b338                gic_mask_irq
                0x000000000029b37c                gic_unmask_irq
                0x000000000029b3c0                gic_eoi_irq
                0x000000000029b3d4                gic_ack_irq
                0x000000000029b3ec                gic_set_type
                0x000000000029b478                get_irq_desc_addr
                0x000000000029b484                gic_handle_irq
                0x000000000029b570                request_irq
                0x000000000029b5f4                unrequest_irq
 .text          0x000000000029b660      0x728 boot/built-in.o
                0x000000000029b660                _serial_init
                0x000000000029b73c                _serial_deinit
                0x000000000029b740                _serial_tstc
                0x000000000029b750                _serial_getc
                0x000000000029b76c                _serial_putc_hw
                0x000000000029b788                _serial_putc
                0x000000000029b7ac                _serial_puts
                0x000000000029b7cc                dbg_serial_init
                0x000000000029b7d8                upv_serial_init
                0x000000000029b7e8                serial_enable_rtscts
                0x000000000029b7ec                serial_getc
                0x000000000029b7f0                serial_tstc
                0x000000000029b800                serial_putc
                0x000000000029b804                serial_puts
                0x000000000029b808                ctrlc
                0x000000000029b830                timer_get_tick32
                0x000000000029b83c                timer_get_tick
                0x000000000029b840                timeout_setup_ms
                0x000000000029b860                timeout_setup_us
                0x000000000029b880                timeout_check
                0x000000000029b8a4                mdelay
                0x000000000029b8cc                udelay
                0x000000000029b8f4                command_entry
                0x000000000029b9e8                bl_cmd_init
                0x000000000029ba68                register_bl_cmds
                0x000000000029bb80                SHELL_INIT
                0x000000000029bbec                uart_get_input
                0x000000000029bc64                counting_down
                0x000000000029bc70                auto_upgrade
                0x000000000029bd00                boot_main
 .text          0x000000000029bd88       0x14 boards/built-in.o
                0x000000000029bd88                global_iomux_set
                0x000000000029bd8c                board_init_f
 .text          0x000000000029bd9c     0x7a98 drivers/built-in.o
                0x000000000029bd9c                qspi_hw_init
                0x000000000029bdb4                qspi_ahb_enable
                0x000000000029bdc4                qspi_reg_enable
                0x000000000029bdd4                qspi_push_data_8bit
                0x000000000029bde0                qspi_push_data_16bit
                0x000000000029bdec                qspi_push_data_32bit
                0x000000000029bdf8                qspi_get_data_8bit
                0x000000000029be08                qspi_get_data_16bit
                0x000000000029be18                qspi_get_data_32bit
                0x000000000029be24                qspi_set_rx_fifo_level
                0x000000000029be34                qspi_set_tx_fifo_level
                0x000000000029be44                qspi_get_rx_fifo_d_num
                0x000000000029be50                qspi_get_tx_fifo_d_num
                0x000000000029be5c                qspi_cache_flash
                0x000000000029be68                qspi_set_baudr
                0x000000000029be78                qspi_clr_all_interrupts
                0x000000000029be84                qspi_get_interrupt_status
                0x000000000029be90                qspi_rx_full_inten
                0x000000000029beac                qspi_tx_empty_inten
                0x000000000029bec8                qspi_set_rx_ndf
                0x000000000029bed8                qspi_rx_fifo_flush
                0x000000000029bee4                qspi_is_busy
                0x000000000029bef4                qspi_tx_init
                0x000000000029bf14                qspi_tx_init_4
                0x000000000029bf40                qspi_rx_get_e2prmode
                0x000000000029bfe0                qspi_rx_init
                0x000000000029c09c                qspi_set_dma_ctrl
                0x000000000029c0a8                qspi_set_dma_tdlr
                0x000000000029c0b4                qspi_set_dma_rdlr
                0x000000000029c0c0                qspi_polling_raw_status
                0x000000000029c11c                qspi_irq_read_status
                0x000000000029c178                get_qspiflash_dr
                0x000000000029c4cc                qspi_get_timer_tick_save
                0x000000000029c4dc                qspi_wren
                0x000000000029c500                qspi_ahb_read_enable
                0x000000000029c53c                qspi_ahb_write_enable
                0x000000000029c54c                qspi_send_xx_data
                0x000000000029c5b0                qspi_get_rx_ndf
                0x000000000029c630                qspi_get_rx_thr
                0x000000000029c670                qspi_read_page_data
                0x000000000029c7fc                qspi_dma_write_page
                0x000000000029c93c                qspi_dma_send_read_cmd
                0x000000000029ca94                qspi_dma_read_start
                0x000000000029cb78                qspi_dma_read_page
                0x000000000029cc48                qspi_dma_send_cmd_data
                0x000000000029cd00                spansion_qspi_dma_send_cmd_data
                0x000000000029cddc                qspi_read_xx_data
                0x000000000029ce94                qspi_init_low
                0x000000000029cf0c                qspi_read_spansion_data
                0x000000000029cfd8                fl_rescan
                0x000000000029d094                fl_reset
                0x000000000029d0c0                fl_read_id
                0x000000000029d190                fl_protect
                0x000000000029d280                fl_read
                0x000000000029d364                fl_dma_read
                0x000000000029d414                fl_ahbread
                0x000000000029d50c                init_spinor
                0x000000000029d554                spinor_hw_read_page
                0x000000000029d594                fl_upgrade_if
                0x000000000029d714                qspi_fl_read_rdid
                0x000000000029d734                qspi_fl_read_devid
                0x000000000029d754                qspi_fl_read_page
                0x000000000029d758                qspi_fl_read_status
                0x000000000029d830                qspi_w25q256fv_quad_disable
                0x000000000029d8d8                qspi_w25q256fv_write_page
                0x000000000029d988                qspi_w25q256fv_dma_write_page
                0x000000000029da2c                qspi_w25q256fv_erase
                0x000000000029dab0                qspi_w25q256fv_erase_all
                0x000000000029db24                qspi_w25q256fv_4byte_extend
                0x000000000029dc2c                qspi_w25q256fv_quad
                0x000000000029dce8                qspi_w25q256fv_wps_op
                0x000000000029dd6c                qspi_w25q256fv_read_status
                0x000000000029ddd8                qspi_w25q256fv_prot_region
                0x000000000029df7c                qspi_w25q256fv_reset
                0x000000000029dfc0                qspi_w25q256fv_read_block_lock_status
                0x000000000029e060                qspi_w25q256fv_block_lock
                0x000000000029e0d0                qspi_w25q256fv_block_unlock
                0x000000000029e140                qspi_w25q256fv_global_lock
                0x000000000029e16c                qspi_w25q256fv_global_unlock
                0x000000000029e198                qspi_w25q256fv_deep_power_down
                0x000000000029e400                get_dma_count_info
                0x000000000029e428                dma_count_init
                0x000000000029e44c                dma_init
                0x000000000029e4c0                dma_deinit
                0x000000000029e510                dmac_enable
                0x000000000029e51c                is_dma_init
                0x000000000029e548                dma_ch_disable
                0x000000000029e558                syn_lock
                0x000000000029e55c                syn_unlock
                0x000000000029e560                lli_lock
                0x000000000029e580                lli_unlock
                0x000000000029e594                get_lli_node_start_addr
                0x000000000029e5b4                dma_get_valid_ch
                0x000000000029e658                dma_free_ch
                0x000000000029e67c                dma_wait_ch_done
                0x000000000029e6b8                dma_wait_channel_done_polling
                0x000000000029e6f8                dma_close_ch
                0x000000000029e708                dma_ch_sar_set
                0x000000000029e72c                dma_ch_dar_set
                0x000000000029e750                dma_ch_int_ctl
                0x000000000029e7a0                dma_m2m_single_max
                0x000000000029e7a8                dma_m2m_single
                0x000000000029e830                dma_m2m_single_performance
                0x000000000029e920                dma_dir_base
                0x000000000029ea44                dma_p2m_base
                0x000000000029ea98                dma_p2m_single
                0x000000000029eb74                dma_m2p_base
                0x000000000029ebc8                dma_m2p_single
                0x000000000029ecc4                dma_qspiflash_read_polling_new
                0x000000000029ed3c                dma_qspiflash_write_page_polling
                0x000000000029edb4                dma_spi_read_polling
                0x000000000029ee2c                dma_spi_write_page_polling
                0x000000000029ee9c                dma_m2m_lli_node_set
                0x000000000029ef24                dma_m2m_lli_start
                0x000000000029f004                get_uart_tx_per
                0x000000000029f02c                get_uart_rx_per
                0x000000000029f05c                dma_ap_single
                0x000000000029f1d4                dma_lli_node_len_set
                0x000000000029f200                dma_ap_lli_node_set
                0x000000000029f284                dma_ap_lli_start
                0x000000000029f3b8                get_dmac_controller
                0x000000000029f3e4                get_hwp_dma
                0x000000000029f40c                dmac_read_id
                0x000000000029f424                dmac_read_compver
                0x000000000029f43c                dma_enable
                0x000000000029f458                dma_disable
                0x000000000029f474                dmac_int_enable
                0x000000000029f490                dmac_int_disable
                0x000000000029f4ac                dmac_ch_idle
                0x000000000029f4d8                dmac_ch_enable
                0x000000000029f4f8                dmac_ch_disable
                0x000000000029f550                dmac_ch_suspend
                0x000000000029f574                dmac_ch_abort
                0x000000000029f594                dmac_int_status_get
                0x000000000029f5a8                dmac_reset
                0x000000000029f5d0                dmac_ch_sar_set
                0x000000000029f5d8                dmac_ch_dar_set
                0x000000000029f5e0                dmac_ch_block_ts_set
                0x000000000029f5f0                dmac_ch_ctl_lli_enable
                0x000000000029f600                dmac_ch_ctl_lli_disable
                0x000000000029f610                dmac_ch_ctl_IOC_BlkTfr_enable
                0x000000000029f620                dmac_ch_ctl_IOC_BlkTfr_disable
                0x000000000029f630                dmac_ch_ctl_src_msize_set
                0x000000000029f644                dmac_ch_ctl_dst_msize_set
                0x000000000029f658                dmac_ch_ctl_src_tr_width_set
                0x000000000029f66c                dmac_ch_ctl_dst_tr_width_set
                0x000000000029f680                dmac_ch_ctl_src_inc_set
                0x000000000029f694                dmac_ch_ctl_dst_inc_set
                0x000000000029f6a8                dmac_ch_cfg_priority_set
                0x000000000029f6bc                dmac_ch_cfg_dst_per_set
                0x000000000029f6d0                dmac_ch_cfg_src_per_set
                0x000000000029f6e4                dmac_ch_cfg_tt_fc_set
                0x000000000029f6f8                dmac_ch_cfg_dst_multblk_type_set
                0x000000000029f70c                dmac_ch_cfg_src_multblk_type_set
                0x000000000029f720                dmac_ch_llp_loc_set
                0x000000000029f72c                dmac_ch_data_left_in_fifo
                0x000000000029f738                dmac_ch_completed_block_trans_size
                0x000000000029f744                dmac_ch_int_status_get
                0x000000000029f74c                dmac_ch_int_status_ctl
                0x000000000029f784                dmac_ch_int_signal_ctl
                0x000000000029f7bc                dmac_ch_int_disable_all
                0x000000000029f7cc                dmac_ch_int_clear
                0x000000000029f7f8                uart_irq_handler
                0x000000000029f8b4                serial_reset_rx_fifo
                0x000000000029f8dc                get_fifo_addr
                0x000000000029f8e0                register_irq_call_back
                0x000000000029f8f0                uart_irq_init
                0x000000000029f93c                uart_init
                0x000000000029fa68                uart_rx_fifo_depth_test
                0x000000000029fae8                uart_send_buffer
                0x000000000029fb4c                uart_get_serial_buffer
                0x000000000029fbe0                uart_set_config
                0x000000000029fc98                uart_get_config
                0x000000000029fcd8                uart_send_buffer_dma
                0x000000000029fd5c                uart_get_buffer_dma
                0x000000000029fdec                serial_port_valid
                0x000000000029fdfc                serial_hwp_get
                0x000000000029fe14                serial_irq_num_get
                0x000000000029fe2c                __serial_tstc
                0x000000000029fe38                __serial_getc_direct
                0x000000000029fe40                __serial_getc
                0x000000000029fe54                serial_putc_hw
                0x000000000029fe68                serial_test_te
                0x000000000029fe74                serial_putc_hw_direct
                0x000000000029fe7c                serial_data_len_set
                0x000000000029fe90                serial_stop_bit_set
                0x000000000029fea4                serial_parity_en_set
                0x000000000029fec0                serial_DLA_en
                0x000000000029fedc                serial_FIFO_en
                0x000000000029fef8                serial_FIFO_reset
                0x000000000029ff0c                serial_dma_mode_set
                0x000000000029ff20                serial_tx_trigger_set
                0x000000000029ff34                serial_rx_trigger_set
                0x000000000029ff48                serial_int_enable
                0x000000000029ff58                serial_int_disable
                0x000000000029ff68                uart_clock_enable
                0x000000000029ff6c                uart_config_set
                0x000000000029ff90                uart_para_config_init
                0x000000000029ffb4                calc_divisor
                0x000000000029ffec                uart_bautrate_set
                0x00000000002a0128                spi_hw_init
                0x00000000002a01c0                get_priv
                0x00000000002a01dc                dw_spi_xfer
                0x00000000002a0494                dw_spi_set_speed
                0x00000000002a0508                dw_spi_set_mode
                0x00000000002a0544                spi_init_bus
                0x00000000002a059c                spi_write_data
                0x00000000002a05d0                spi_read_data
                0x00000000002a0600                spi_eeprom_data
                0x00000000002a0668                swrst_cpu1_reset
                0x00000000002a0670                swrst_ddr_reset
                0x00000000002a0678                swrst_rom_reset
                0x00000000002a0680                swrst_ram_reset
                0x00000000002a0688                swrst_bb_reset
                0x00000000002a0690                swrst_mp_reset
                0x00000000002a0698                swrst_dmac0_reset
                0x00000000002a06a0                swrst_dmac1_reset
                0x00000000002a06a8                swrst_qspi_reset
                0x00000000002a06b0                swrst_sd_reset
                0x00000000002a06b8                swrst_uart0_reset
                0x00000000002a06c0                swrst_uart1_reset
                0x00000000002a06c8                swrst_uart2_reset
                0x00000000002a06d0                swrst_uart3_reset
                0x00000000002a06d8                swrst_uart4_reset
                0x00000000002a06e0                swrst_uart5_reset
                0x00000000002a06e8                swrst_uart6_reset
                0x00000000002a06f0                swrst_uart7_reset
                0x00000000002a06f8                swrst_i2c0_reset
                0x00000000002a0700                swrst_i2c1_reset
                0x00000000002a0708                swrst_spi0_reset
                0x00000000002a0710                swrst_spi1_reset
                0x00000000002a0718                swrst_spi2_reset
                0x00000000002a0720                swrst_spi3_reset
                0x00000000002a0728                swrst_sim0_reset
                0x00000000002a0730                swrst_sim1_reset
                0x00000000002a0738                swrst_sim2_reset
                0x00000000002a0740                swrst_pwm_reset
                0x00000000002a0748                swrst_gpio_reset
                0x00000000002a0750                swrst_timer_reset
                0x00000000002a0758                swrst_global_reset
                0x00000000002a0788                swrst_gic_reset
                0x00000000002a0ed4                clk_disable
                0x00000000002a11c4                clk_enable
                0x00000000002a14b4                clk_get_rate_kHz
                0x00000000002a1654                clk_set_rate_kHz
                0x00000000002a17c8                ddr_burst_write
                0x00000000002a1800                ddr_burst_read
                0x00000000002a1814                ddr3_phy_init
                0x00000000002a18ec                ddr3_controller_init
                0x00000000002a1ebc                ddr3_init
                0x00000000002a208c                lpddr_init
                0x00000000002a28a0                lpddr2_init
                0x00000000002a309c                ddr_phy_init
                0x00000000002a314c                ddr_controller_init
                0x00000000002a36f0                ddr_init
                0x00000000002a37f8                ddrc_init
 .text          0x00000000002a3834     0x432c cmd/built-in.o
                0x00000000002a3834                fl_get_parse_parmeter
                0x00000000002a38cc                fl_get_test_type
                0x00000000002a3d7c                qspi_ctroller_low_init
                0x00000000002a40f4                fl_auto_verify
                0x00000000002a429c                fl_all_verify
                0x00000000002a4874                fl_cmd_entry_funcing
                0x00000000002a4e30                mbr_flash_cfg_read
                0x00000000002a4ec8                is_mbr_addr_valid
                0x00000000002a4fb4                is_mbr_name_valid
                0x00000000002a5064                is_mbr_flag_valid
                0x00000000002a5070                is_mbr_crc_valid
                0x00000000002a5094                is_mbr_valid
                0x00000000002a50e4                _mbr_flash_update
                0x00000000002a5124                mbr_modify
                0x00000000002a52c4                _mbr_add
                0x00000000002a5330                _mbr_delete
                0x00000000002a5410                mbr_entry_init
                0x00000000002a54b0                mbr_entry_dump
                0x00000000002a5564                dump_mem_data
                0x00000000002a55e0                do_mbr_dump_cmd
                0x00000000002a568c                mbr_get_index
                0x00000000002a5698                mbr_get_cmd
                0x00000000002a614c                loadversion_start_data_valid
                0x00000000002a61e4                bb_mem_test_cmp
                0x00000000002a66e8                dma_testing
                0x00000000002a71b4                ddr_get_valid_addr
                0x00000000002a71dc                ddr_get_random_data
                0x00000000002a71e0                ddr_get_random_cmd
                0x00000000002a71f0                do_mem_random
                0x00000000002a7380                do_mem_alt_mtest
                0x00000000002a76f4                do_mem_mtest
 .text          0x00000000002a7b60       0xc8 /opt/gcc/arm-eabi-4.8/bin/../lib/gcc/arm-eabi/4.8/libgcc.a(_udivsi3.o)
                0x00000000002a7b60                __udivsi3
                0x00000000002a7b60                __aeabi_uidiv
                0x00000000002a7c08                __aeabi_uidivmod
 .text          0x00000000002a7c28       0xfc /opt/gcc/arm-eabi-4.8/bin/../lib/gcc/arm-eabi/4.8/libgcc.a(_divsi3.o)
                0x00000000002a7c28                __aeabi_idiv
                0x00000000002a7c28                __divsi3
                0x00000000002a7d04                __aeabi_idivmod
 .text          0x00000000002a7d24        0x4 /opt/gcc/arm-eabi-4.8/bin/../lib/gcc/arm-eabi/4.8/libgcc.a(_dvmd_tls.o)
                0x00000000002a7d24                __aeabi_ldiv0
                0x00000000002a7d24                __aeabi_idiv0
 .text          0x00000000002a7d28       0x1c /opt/gcc/arm-eabi-4.8/bin/../lib/gcc/arm-eabi/4.8/libgcc.a(_lshrdi3.o)
                0x00000000002a7d28                __aeabi_llsr
                0x00000000002a7d28                __lshrdi3
                0x00000000002a7d48                . = ALIGN (0x8)
 *fill*         0x00000000002a7d44        0x4 
                0x00000000002a7d48                __code_end__ = .

.glue_7         0x00000000002a7d48        0x0
 .glue_7        0x0000000000000000        0x0 linker stubs

.glue_7t        0x00000000002a7d48        0x0
 .glue_7t       0x0000000000000000        0x0 linker stubs

.vfp11_veneer   0x00000000002a7d48        0x0
 .vfp11_veneer  0x0000000000000000        0x0 linker stubs

.v4_bx          0x00000000002a7d48        0x0
 .v4_bx         0x0000000000000000        0x0 linker stubs

.iplt           0x00000000002a7d48        0x0
 .iplt          0x0000000000000000        0x0 cpu/head-in.o

.data           0x00000000002a7d48      0x61c
                0x00000000002a7d48                __data_start = .
 *(.data*)
 .data          0x00000000002a7d48        0x4 cpu/head-in.o
                0x00000000002a7d48                ttb_addr
 .data          0x00000000002a7d4c        0x4 chip/built-in.o
                0x00000000002a7d4c                pll3_ref_clk_khz
 .data          0x00000000002a7d50      0x47c common/built-in.o
                0x00000000002a8170                select_id
                0x00000000002a8174                version_curr
                0x00000000002a81b4                pkt_cmd_buf
 .data          0x00000000002a81cc        0x0 boot/built-in.o
 .data          0x00000000002a81cc        0x0 boards/built-in.o
 .data          0x00000000002a81cc      0x190 drivers/built-in.o
                0x00000000002a81cc                fl_info
                0x00000000002a8294                serial_irq_num
                0x00000000002a829c                spi_priv2
                0x00000000002a82dc                spi_priv1
                0x00000000002a831c                spi_priv0
 .data          0x00000000002a835c        0x8 cmd/built-in.o
                0x00000000002a835c                frdbuf
                0x00000000002a8360                wrbuf
 .data          0x00000000002a8364        0x0 /opt/gcc/arm-eabi-4.8/bin/../lib/gcc/arm-eabi/4.8/libgcc.a(_udivsi3.o)
 .data          0x00000000002a8364        0x0 /opt/gcc/arm-eabi-4.8/bin/../lib/gcc/arm-eabi/4.8/libgcc.a(_divsi3.o)
 .data          0x00000000002a8364        0x0 /opt/gcc/arm-eabi-4.8/bin/../lib/gcc/arm-eabi/4.8/libgcc.a(_dvmd_tls.o)
 .data          0x00000000002a8364        0x0 /opt/gcc/arm-eabi-4.8/bin/../lib/gcc/arm-eabi/4.8/libgcc.a(_lshrdi3.o)
                0x00000000002a8364                __data_end__ = .
                0x00000000002a8364                . = ALIGN (0x4)

.igot.plt       0x00000000002a8364        0x0
 .igot.plt      0x0000000000000000        0x0 cpu/head-in.o

.rel.dyn        0x00000000002a8364        0x0
                0x00000000002a8364                __rel_dyn_start = .
 *(.rel*)
 .rel.iplt      0x0000000000000000        0x0 cpu/head-in.o
                0x00000000002a8364                __rel_dyn_end = .

.dynsym         0x00000000002a8364        0x0
                0x00000000002a8364                __dynsym_start = .
 *(.dynsym)
                0x00000000002a8364                _end = .

.bss            0x00000000002a8364    0x1449c
                0x00000000002a8364                __bss_start = .
 *(.bss*)
 .bss           0x00000000002a8364        0x5 cpu/head-in.o
 *fill*         0x00000000002a8369       0x17 
 .bss           0x00000000002a8380     0x1380 chip/built-in.o
                0x00000000002a8380                is_early_chip_init_ok
                0x00000000002a8384                is_early_sys_init_ok
 .bss           0x00000000002a9700     0x1798 common/built-in.o
                0x00000000002a9728                mem_malloc_brk
                0x00000000002a972c                mem_malloc_start
                0x00000000002a9730                mem_malloc_end
                0x00000000002a9758                hist_num
                0x00000000002a9978                upgrade_state
                0x00000000002a997c                recv_data_len_total
                0x00000000002a9980                exec_addr
                0x00000000002a9984                upgrade_send_nack_total
                0x00000000002a9988                t_end
                0x00000000002a9a10                t_begin
                0x00000000002a9a7c                xyzModem_err_stat
                0x00000000002aae88                s_time
                0x00000000002aae90                e_time
 .bss           0x00000000002aae98        0xc boot/built-in.o
                0x00000000002aae98                g_cmd_num
 .bss           0x00000000002aaea4        0x0 boards/built-in.o
 *fill*         0x00000000002aaea4       0x1c 
 .bss           0x00000000002aaec0      0xbe0 drivers/built-in.o
                0x00000000002aaf00                dma_qspiflash_write_buf
                0x00000000002ab040                fl_dev
                0x00000000002aba20                lli_node_blk_ts
 *fill*         0x00000000002abaa0       0x20 
 .bss           0x00000000002abac0      0xa78 cmd/built-in.o
                0x00000000002ac33c                loadx_total_len
                0x00000000002ac39c                dmac_id
                0x00000000002ac3c0                dma_lli
 .bss           0x00000000002ac538        0x0 /opt/gcc/arm-eabi-4.8/bin/../lib/gcc/arm-eabi/4.8/libgcc.a(_udivsi3.o)
 .bss           0x00000000002ac538        0x0 /opt/gcc/arm-eabi-4.8/bin/../lib/gcc/arm-eabi/4.8/libgcc.a(_divsi3.o)
 .bss           0x00000000002ac538        0x0 /opt/gcc/arm-eabi-4.8/bin/../lib/gcc/arm-eabi/4.8/libgcc.a(_dvmd_tls.o)
 .bss           0x00000000002ac538        0x0 /opt/gcc/arm-eabi-4.8/bin/../lib/gcc/arm-eabi/4.8/libgcc.a(_lshrdi3.o)
 *(COMMON)
 COMMON         0x00000000002ac538       0x34 chip/built-in.o
                0x00000000002ac538                bbfw_bak
                0x00000000002ac550                bbfw_main
                0x00000000002ac568                reserved_save
 COMMON         0x00000000002ac56c     0x8498 common/built-in.o
                0x00000000002ac56c                upgrade_send_buffer
                0x00000000002ac5ec                ram_save_addr
                0x00000000002ac5f0                upgrade_recv_data_len
                0x00000000002ac5f4                ram_save_len
                0x00000000002ac5f8                malloc_buf
                0x00000000002ac9f8                upgrade_recv_serial_buffer
                0x00000000002b4a02                upgrade_recv_data_type
 COMMON         0x00000000002b4a04      0x140 boot/built-in.o
                0x00000000002b4a04                g_cmd_list
 *fill*         0x00000000002b4b44        0x4 
 COMMON         0x00000000002b4b48      0xb40 drivers/built-in.o
                0x00000000002b4b48                uart_call_back
                0x00000000002b4b68                uart_rx_m
                0x00000000002b5388                dma_time_record
 *fill*         0x00000000002b5688       0x38 
 COMMON         0x00000000002b56c0     0x7140 cmd/built-in.o
                0x00000000002b56c0                mbr_entry
                0x00000000002b66c0                dma_qspiflash_buf
                0x00000000002b6800                lli_48k_test
                0x00000000002bc800                . = ALIGN (0x4)
                0x00000000002bc800                __bss_end__ = .
                0x0000000000000001                ASSERT (! (((__bss_end__ - ORIGIN (sram)) >= 0x55000)), program memory overrun error!!, please reduce BLcase number)

/DISCARD/
 *(.dynstr*)
 *(.dynamic*)
 *(.plt*)
 *(.interp*)
 *(.gnu*)
OUTPUT(bloader_bp2016.elf elf32-littlearm)

.comment        0x0000000000000000        0xf
 .comment       0x0000000000000000        0xf cpu/head-in.o
                                         0x30 (size before relaxing)
 .comment       0x0000000000000000       0x50 chip/built-in.o
 .comment       0x0000000000000000       0xf0 common/built-in.o
 .comment       0x0000000000000000       0x30 boot/built-in.o
 .comment       0x0000000000000000       0x10 boards/built-in.o
 .comment       0x0000000000000000      0x110 drivers/built-in.o
 .comment       0x0000000000000000       0x80 cmd/built-in.o

.ARM.attributes
                0x0000000000000000       0x31
 .ARM.attributes
                0x0000000000000000       0x31 cpu/head-in.o
 .ARM.attributes
                0x0000000000000031       0x35 chip/built-in.o
 .ARM.attributes
                0x0000000000000066       0x35 common/built-in.o
 .ARM.attributes
                0x000000000000009b       0x35 boot/built-in.o
 .ARM.attributes
                0x00000000000000d0       0x35 boards/built-in.o
 .ARM.attributes
                0x0000000000000105       0x33 drivers/built-in.o
 .ARM.attributes
                0x0000000000000138       0x35 cmd/built-in.o
 .ARM.attributes
                0x000000000000016d       0x1f /opt/gcc/arm-eabi-4.8/bin/../lib/gcc/arm-eabi/4.8/libgcc.a(_udivsi3.o)
 .ARM.attributes
                0x000000000000018c       0x1f /opt/gcc/arm-eabi-4.8/bin/../lib/gcc/arm-eabi/4.8/libgcc.a(_divsi3.o)
 .ARM.attributes
                0x00000000000001ab       0x1f /opt/gcc/arm-eabi-4.8/bin/../lib/gcc/arm-eabi/4.8/libgcc.a(_dvmd_tls.o)
 .ARM.attributes
                0x00000000000001ca       0x1f /opt/gcc/arm-eabi-4.8/bin/../lib/gcc/arm-eabi/4.8/libgcc.a(_lshrdi3.o)

.debug_aranges  0x0000000000000000      0x758
 .debug_aranges
                0x0000000000000000       0xa0 cpu/head-in.o
 .debug_aranges
                0x00000000000000a0       0xa0 chip/built-in.o
 .debug_aranges
                0x0000000000000140      0x1d8 common/built-in.o
 .debug_aranges
                0x0000000000000318       0x60 boot/built-in.o
 .debug_aranges
                0x0000000000000378       0x20 boards/built-in.o
 .debug_aranges
                0x0000000000000398      0x240 drivers/built-in.o
 .debug_aranges
                0x00000000000005d8      0x100 cmd/built-in.o
 .debug_aranges
                0x00000000000006d8       0x20 /opt/gcc/arm-eabi-4.8/bin/../lib/gcc/arm-eabi/4.8/libgcc.a(_udivsi3.o)
 .debug_aranges
                0x00000000000006f8       0x20 /opt/gcc/arm-eabi-4.8/bin/../lib/gcc/arm-eabi/4.8/libgcc.a(_divsi3.o)
 .debug_aranges
                0x0000000000000718       0x20 /opt/gcc/arm-eabi-4.8/bin/../lib/gcc/arm-eabi/4.8/libgcc.a(_dvmd_tls.o)
 .debug_aranges
                0x0000000000000738       0x20 /opt/gcc/arm-eabi-4.8/bin/../lib/gcc/arm-eabi/4.8/libgcc.a(_lshrdi3.o)

.debug_info     0x0000000000000000    0x242ab
 .debug_info    0x0000000000000000      0xe34 cpu/head-in.o
 .debug_info    0x0000000000000e34     0x2bf1 chip/built-in.o
 .debug_info    0x0000000000003a25     0x8002 common/built-in.o
 .debug_info    0x000000000000ba27     0x15c0 boot/built-in.o
 .debug_info    0x000000000000cfe7       0xdb boards/built-in.o
 .debug_info    0x000000000000d0c2     0xffe2 drivers/built-in.o
 .debug_info    0x000000000001d0a4     0x6f83 cmd/built-in.o
 .debug_info    0x0000000000024027       0xa1 /opt/gcc/arm-eabi-4.8/bin/../lib/gcc/arm-eabi/4.8/libgcc.a(_udivsi3.o)
 .debug_info    0x00000000000240c8       0xa1 /opt/gcc/arm-eabi-4.8/bin/../lib/gcc/arm-eabi/4.8/libgcc.a(_divsi3.o)
 .debug_info    0x0000000000024169       0xa1 /opt/gcc/arm-eabi-4.8/bin/../lib/gcc/arm-eabi/4.8/libgcc.a(_dvmd_tls.o)
 .debug_info    0x000000000002420a       0xa1 /opt/gcc/arm-eabi-4.8/bin/../lib/gcc/arm-eabi/4.8/libgcc.a(_lshrdi3.o)

.debug_abbrev   0x0000000000000000     0x78be
 .debug_abbrev  0x0000000000000000      0x5f2 cpu/head-in.o
 .debug_abbrev  0x00000000000005f2      0xc56 chip/built-in.o
 .debug_abbrev  0x0000000000001248     0x23fe common/built-in.o
 .debug_abbrev  0x0000000000003646      0x699 boot/built-in.o
 .debug_abbrev  0x0000000000003cdf       0xa2 boards/built-in.o
 .debug_abbrev  0x0000000000003d81     0x2833 drivers/built-in.o
 .debug_abbrev  0x00000000000065b4     0x12ba cmd/built-in.o
 .debug_abbrev  0x000000000000786e       0x14 /opt/gcc/arm-eabi-4.8/bin/../lib/gcc/arm-eabi/4.8/libgcc.a(_udivsi3.o)
 .debug_abbrev  0x0000000000007882       0x14 /opt/gcc/arm-eabi-4.8/bin/../lib/gcc/arm-eabi/4.8/libgcc.a(_divsi3.o)
 .debug_abbrev  0x0000000000007896       0x14 /opt/gcc/arm-eabi-4.8/bin/../lib/gcc/arm-eabi/4.8/libgcc.a(_dvmd_tls.o)
 .debug_abbrev  0x00000000000078aa       0x14 /opt/gcc/arm-eabi-4.8/bin/../lib/gcc/arm-eabi/4.8/libgcc.a(_lshrdi3.o)

.debug_line     0x0000000000000000     0x63d4
 .debug_line    0x0000000000000000      0x3f4 cpu/head-in.o
 .debug_line    0x00000000000003f4      0x7b6 chip/built-in.o
 .debug_line    0x0000000000000baa     0x1e06 common/built-in.o
 .debug_line    0x00000000000029b0      0x37d boot/built-in.o
 .debug_line    0x0000000000002d2d       0x7d boards/built-in.o
 .debug_line    0x0000000000002daa     0x2220 drivers/built-in.o
 .debug_line    0x0000000000004fca     0x11d4 cmd/built-in.o
 .debug_line    0x000000000000619e       0x9b /opt/gcc/arm-eabi-4.8/bin/../lib/gcc/arm-eabi/4.8/libgcc.a(_udivsi3.o)
 .debug_line    0x0000000000006239       0xa7 /opt/gcc/arm-eabi-4.8/bin/../lib/gcc/arm-eabi/4.8/libgcc.a(_divsi3.o)
 .debug_line    0x00000000000062e0       0x77 /opt/gcc/arm-eabi-4.8/bin/../lib/gcc/arm-eabi/4.8/libgcc.a(_dvmd_tls.o)
 .debug_line    0x0000000000006357       0x7d /opt/gcc/arm-eabi-4.8/bin/../lib/gcc/arm-eabi/4.8/libgcc.a(_lshrdi3.o)

.debug_frame    0x0000000000000000     0x3a04
 .debug_frame   0x0000000000000000      0x1c8 cpu/head-in.o
 .debug_frame   0x00000000000001c8      0x4d8 chip/built-in.o
 .debug_frame   0x00000000000006a0     0x1060 common/built-in.o
 .debug_frame   0x0000000000001700      0x2e8 boot/built-in.o
 .debug_frame   0x00000000000019e8       0x38 boards/built-in.o
 .debug_frame   0x0000000000001a20     0x18b8 drivers/built-in.o
 .debug_frame   0x00000000000032d8      0x6ec cmd/built-in.o
 .debug_frame   0x00000000000039c4       0x20 /opt/gcc/arm-eabi-4.8/bin/../lib/gcc/arm-eabi/4.8/libgcc.a(_udivsi3.o)
 .debug_frame   0x00000000000039e4       0x20 /opt/gcc/arm-eabi-4.8/bin/../lib/gcc/arm-eabi/4.8/libgcc.a(_divsi3.o)

.debug_str      0x0000000000000000     0x6c86
 .debug_str     0x0000000000000000      0x4ed cpu/head-in.o
                                        0x8a8 (size before relaxing)
 .debug_str     0x00000000000004ed      0xb89 chip/built-in.o
                                       0x1a79 (size before relaxing)
 .debug_str     0x0000000000001076     0x1799 common/built-in.o
                                       0x35a7 (size before relaxing)
 .debug_str     0x000000000000280f      0x2a3 boot/built-in.o
                                        0xb5f (size before relaxing)
 .debug_str     0x0000000000002ab2       0x37 boards/built-in.o
                                        0x1d6 (size before relaxing)
 .debug_str     0x0000000000002ae9     0x366f drivers/built-in.o
                                       0x8db5 (size before relaxing)
 .debug_str     0x0000000000006158      0xb2e cmd/built-in.o
                                       0x2ba3 (size before relaxing)

.debug_loc      0x0000000000000000    0x138c4
 .debug_loc     0x0000000000000000      0x425 cpu/head-in.o
 .debug_loc     0x0000000000000425     0x1295 chip/built-in.o
 .debug_loc     0x00000000000016ba     0x6e0a common/built-in.o
 .debug_loc     0x00000000000084c4      0x50e boot/built-in.o
 .debug_loc     0x00000000000089d2     0x8073 drivers/built-in.o
 .debug_loc     0x0000000000010a45     0x2e7f cmd/built-in.o

.debug_ranges   0x0000000000000000      0x5d8
 .debug_ranges  0x0000000000000000       0x48 cpu/head-in.o
 .debug_ranges  0x0000000000000048       0x30 chip/built-in.o
 .debug_ranges  0x0000000000000078      0x260 common/built-in.o
 .debug_ranges  0x00000000000002d8      0x288 drivers/built-in.o
 .debug_ranges  0x0000000000000560       0x78 cmd/built-in.o
